[    0.000000] Initializing cgroup subsys cpuset
[    0.000000] Initializing cgroup subsys cpu
[    0.000000] Initializing cgroup subsys cpuacct
[    0.000000] Linux version 4.4.0-146-generic (buildd@lcy01-amd64-025) (gcc version 5.4.0 20160609 (Ubuntu 5.4.0-6ubuntu1~16.04.10) ) #172-Ubuntu SMP Wed Apr 3 09:00:08 UTC 2019 (Ubuntu 4.4.0-146.172-generic 4.4.177)
[    0.000000] Command line: BOOT_IMAGE=/boot/vmlinuz-4.4.0-146-generic root=LABEL=cloudimg-rootfs ro console=tty1 console=ttyS0
[    0.000000] KERNEL supported cpus:
[    0.000000]   Intel GenuineIntel
[    0.000000]   AMD AuthenticAMD
[    0.000000]   Centaur CentaurHauls
[    0.000000] x86/fpu: xstate_offset[2]:  576, xstate_sizes[2]:  256
[    0.000000] x86/fpu: Supporting XSAVE feature 0x01: 'x87 floating point registers'
[    0.000000] x86/fpu: Supporting XSAVE feature 0x02: 'SSE registers'
[    0.000000] x86/fpu: Supporting XSAVE feature 0x04: 'AVX registers'
[    0.000000] x86/fpu: Enabled xstate features 0x7, context size is 832 bytes, using 'standard' format.
[    0.000000] e820: BIOS-provided physical RAM map:
[    0.000000] BIOS-e820: [mem 0x0000000000000000-0x000000000009fbff] usable
[    0.000000] BIOS-e820: [mem 0x000000000009fc00-0x000000000009ffff] reserved
[    0.000000] BIOS-e820: [mem 0x00000000000f0000-0x00000000000fffff] reserved
[    0.000000] BIOS-e820: [mem 0x0000000000100000-0x000000003ffeffff] usable
[    0.000000] BIOS-e820: [mem 0x000000003fff0000-0x000000003fffffff] ACPI data
[    0.000000] BIOS-e820: [mem 0x00000000fec00000-0x00000000fec00fff] reserved
[    0.000000] BIOS-e820: [mem 0x00000000fee00000-0x00000000fee00fff] reserved
[    0.000000] BIOS-e820: [mem 0x00000000fffc0000-0x00000000ffffffff] reserved
[    0.000000] NX (Execute Disable) protection: active
[    0.000000] SMBIOS 2.5 present.
[    0.000000] Hypervisor detected: KVM
[    0.000000] e820: last_pfn = 0x3fff0 max_arch_pfn = 0x400000000
[    0.000000] MTRR: Disabled
[    0.000000] x86/PAT: MTRRs disabled, skipping PAT initialization too.
[    0.000000] CPU MTRRs all blank - virtualized system.
[    0.000000] x86/PAT: Configuration [0-7]: WB  WT  UC- UC  WB  WT  UC- UC  
[    0.000000] found SMP MP-table at [mem 0x0009fff0-0x0009ffff] mapped at [ffff88000009fff0]
[    0.000000] Scanning 1 areas for low memory corruption
[    0.000000] RAMDISK: [mem 0x362fa000-0x37174fff]
[    0.000000] ACPI: Early table checksum verification disabled
[    0.000000] ACPI: RSDP 0x00000000000E0000 000024 (v02 VBOX  )
[    0.000000] ACPI: XSDT 0x000000003FFF0030 00003C (v01 VBOX   VBOXXSDT 00000001 ASL  00000061)
[    0.000000] ACPI: FACP 0x000000003FFF00F0 0000F4 (v04 VBOX   VBOXFACP 00000001 ASL  00000061)
[    0.000000] ACPI: DSDT 0x000000003FFF0470 0022EA (v02 VBOX   VBOXBIOS 00000002 INTL 20100528)
[    0.000000] ACPI: FACS 0x000000003FFF0200 000040
[    0.000000] ACPI: FACS 0x000000003FFF0200 000040
[    0.000000] ACPI: APIC 0x000000003FFF0240 00005C (v02 VBOX   VBOXAPIC 00000001 ASL  00000061)
[    0.000000] ACPI: SSDT 0x000000003FFF02A0 0001CC (v01 VBOX   VBOXCPUT 00000002 INTL 20100528)
[    0.000000] No NUMA configuration found
[    0.000000] Faking a node at [mem 0x0000000000000000-0x000000003ffeffff]
[    0.000000] NODE_DATA(0) allocated [mem 0x3ffeb000-0x3ffeffff]
[    0.000000] kvm-clock: Using msrs 4b564d01 and 4b564d00
[    0.000000] kvm-clock: cpu 0, msr 0:3ffe3001, primary cpu clock
[    0.000000] kvm-clock: using sched offset of 4743266036 cycles
[    0.000000] clocksource: kvm-clock: mask: 0xffffffffffffffff max_cycles: 0x1cd42e4dffb, max_idle_ns: 881590591483 ns
[    0.000000] Zone ranges:
[    0.000000]   DMA      [mem 0x0000000000001000-0x0000000000ffffff]
[    0.000000]   DMA32    [mem 0x0000000001000000-0x000000003ffeffff]
[    0.000000]   Normal   empty
[    0.000000]   Device   empty
[    0.000000] Movable zone start for each node
[    0.000000] Early memory node ranges
[    0.000000]   node   0: [mem 0x0000000000001000-0x000000000009efff]
[    0.000000]   node   0: [mem 0x0000000000100000-0x000000003ffeffff]
[    0.000000] Initmem setup node 0 [mem 0x0000000000001000-0x000000003ffeffff]
[    0.000000] ACPI: PM-Timer IO Port: 0x4008
[    0.000000] IOAPIC[0]: apic_id 2, version 32, address 0xfec00000, GSI 0-23
[    0.000000] ACPI: INT_SRC_OVR (bus 0 bus_irq 0 global_irq 2 dfl dfl)
[    0.000000] ACPI: INT_SRC_OVR (bus 0 bus_irq 9 global_irq 9 low level)
[    0.000000] Using ACPI (MADT) for SMP configuration information
[    0.000000] smpboot: Allowing 2 CPUs, 0 hotplug CPUs
[    0.000000] PM: Registered nosave memory: [mem 0x00000000-0x00000fff]
[    0.000000] PM: Registered nosave memory: [mem 0x0009f000-0x0009ffff]
[    0.000000] PM: Registered nosave memory: [mem 0x000a0000-0x000effff]
[    0.000000] PM: Registered nosave memory: [mem 0x000f0000-0x000fffff]
[    0.000000] e820: [mem 0x40000000-0xfebfffff] available for PCI devices
[    0.000000] Booting paravirtualized kernel on KVM
[    0.000000] clocksource: refined-jiffies: mask: 0xffffffff max_cycles: 0xffffffff, max_idle_ns: 7645519600211568 ns
[    0.000000] setup_percpu: NR_CPUS:512 nr_cpumask_bits:512 nr_cpu_ids:2 nr_node_ids:1
[    0.000000] PERCPU: Embedded 34 pages/cpu @ffff88003fc00000 s99480 r8192 d31592 u1048576
[    0.000000] Built 1 zonelists in Node order, mobility grouping on.  Total pages: 257912
[    0.000000] Policy zone: DMA32
[    0.000000] Kernel command line: BOOT_IMAGE=/boot/vmlinuz-4.4.0-146-generic root=LABEL=cloudimg-rootfs ro console=tty1 console=ttyS0
[    0.000000] PID hash table entries: 4096 (order: 3, 32768 bytes)
[    0.000000] Memory: 997732K/1048120K available (8609K kernel code, 1334K rwdata, 4028K rodata, 1484K init, 1284K bss, 50388K reserved, 0K cma-reserved)
[    0.000000] SLUB: HWalign=64, Order=0-3, MinObjects=0, CPUs=2, Nodes=1
[    0.000000] Kernel/User page tables isolation: enabled
[    0.000000] Hierarchical RCU implementation.
[    0.000000] 	Build-time adjustment of leaf fanout to 64.
[    0.000000] 	RCU restricting CPUs from NR_CPUS=512 to nr_cpu_ids=2.
[    0.000000] RCU: Adjusting geometry for rcu_fanout_leaf=64, nr_cpu_ids=2
[    0.000000] NR_IRQS:33024 nr_irqs:440 16
[    0.000000] Console: colour VGA+ 80x25
[    0.000000] console [tty1] enabled
[    0.000000] console [ttyS0] enabled
[    0.000000] tsc: Detected 1599.999 MHz processor
[    0.257445] Calibrating delay loop (skipped) preset value.. 3199.99 BogoMIPS (lpj=6399996)
[    0.260019] pid_max: default: 32768 minimum: 301
[    0.261388] ACPI: Core revision 20150930
[    0.263504] ACPI: 2 ACPI AML tables successfully acquired and loaded
[    0.265598] Security Framework initialized
[    0.266845] Yama: becoming mindful.
[    0.268145] AppArmor: AppArmor initialized
[    0.269495] Dentry cache hash table entries: 131072 (order: 8, 1048576 bytes)
[    0.273876] Inode-cache hash table entries: 65536 (order: 7, 524288 bytes)
[    0.276473] Mount-cache hash table entries: 2048 (order: 2, 16384 bytes)
[    0.278502] Mountpoint-cache hash table entries: 2048 (order: 2, 16384 bytes)
[    0.280891] Initializing cgroup subsys io
[    0.282115] Initializing cgroup subsys memory
[    0.283412] Initializing cgroup subsys devices
[    0.284867] Initializing cgroup subsys freezer
[    0.286416] Initializing cgroup subsys net_cls
[    0.287834] Initializing cgroup subsys perf_event
[    0.290554] Initializing cgroup subsys net_prio
[    0.291933] Initializing cgroup subsys hugetlb
[    0.293278] Initializing cgroup subsys pids
[    0.295667] mce: CPU supports 0 MCE banks
[    0.296908] Last level iTLB entries: 4KB 64, 2MB 8, 4MB 8
[    0.298592] Last level dTLB entries: 4KB 64, 2MB 0, 4MB 0, 1GB 4
[    0.300728] Spectre V2 : Mitigation: Full generic retpoline
[    0.302816] Spectre V2 : Spectre v2 / SpectreRSB mitigation: Filling RSB on context switch
[    0.305499] Speculative Store Bypass: Vulnerable
[    0.310507] Freeing SMP alternatives memory: 36K
[    0.318486] ftrace: allocating 32287 entries in 127 pages
[    0.389391] smpboot: APIC(0) Converting physical 0 to logical package 0
[    0.391330] smpboot: Max logical packages: 1
[    0.392964] x2apic enabled
[    0.394141] Switched APIC routing to physical x2apic.
[    0.396853] ..TIMER: vector=0x30 apic1=0 pin1=2 apic2=-1 pin2=-1
[    0.504385] smpboot: CPU0: Intel(R) Core(TM) i5-5250U CPU @ 1.60GHz (family: 0x6, model: 0x3d, stepping: 0x4)
[    0.508575] Performance Events: unsupported p6 CPU model 61 no PMU driver, software events only.
[    0.524225] KVM setup paravirtual spinlock
[    0.526333] x86: Booting SMP configuration:
[    0.527624] .... node  #0, CPUs:      #1
[    0.529091] kvm-clock: cpu 1, msr 0:3ffe3041, secondary cpu clock
[    0.532212] mce: CPU supports 0 MCE banks
[    0.535534] x86: Booted up 1 node, 2 CPUs
[    0.537267] smpboot: Total of 2 processors activated (6399.99 BogoMIPS)
[    0.540459] devtmpfs: initialized
[    0.542921] evm: security.selinux
[    0.544074] evm: security.SMACK64
[    0.545244] evm: security.SMACK64EXEC
[    0.546381] evm: security.SMACK64TRANSMUTE
[    0.547700] evm: security.SMACK64MMAP
[    0.549094] evm: security.ima
[    0.550160] evm: security.capability
[    0.551620] clocksource: jiffies: mask: 0xffffffff max_cycles: 0xffffffff, max_idle_ns: 7645041785100000 ns
[    0.554479] futex hash table entries: 512 (order: 3, 32768 bytes)
[    0.556451] pinctrl core: initialized pinctrl subsystem
[    0.558118] RTC time: 10:28:07, date: 05/31/19
[    0.559746] NET: Registered protocol family 16
[    0.572995] cpuidle: using governor ladder
[    0.585433] cpuidle: using governor menu
[    0.587810] PCCT header not found.
[    0.591430] ACPI: bus type PCI registered
[    0.593227] acpiphp: ACPI Hot Plug PCI Controller Driver version: 0.5
[    0.595351] PCI: Using configuration type 1 for base access
[    0.610533] ACPI: Added _OSI(Module Device)
[    0.612377] ACPI: Added _OSI(Processor Device)
[    0.613706] ACPI: Added _OSI(3.0 _SCP Extensions)
[    0.615090] ACPI: Added _OSI(Processor Aggregator Device)
[    0.617605] ACPI: Executed 1 blocks of module-level executable AML code
[    0.622261] ACPI: Interpreter enabled
[    0.624363] ACPI: (supports S0 S5)
[    0.625437] ACPI: Using IOAPIC for interrupt routing
[    0.627146] PCI: Using host bridge windows from ACPI; if necessary, use "pci=nocrs" and report a bug
[    0.635249] ACPI: PCI Root Bridge [PCI0] (domain 0000 [bus 00-ff])
[    0.637270] acpi PNP0A03:00: _OSC: OS supports [ASPM ClockPM Segments MSI]
[    0.639858] acpi PNP0A03:00: _OSC: not requesting OS control; OS requires [ExtendedConfig ASPM ClockPM MSI]
[    0.642677] acpi PNP0A03:00: fail to add MMCONFIG information, can't access extended PCI configuration space under this bridge.
[    0.646356] PCI host bridge to bus 0000:00
[    0.647609] pci_bus 0000:00: root bus resource [io  0x0000-0x0cf7 window]
[    0.649577] pci_bus 0000:00: root bus resource [io  0x0d00-0xffff window]
[    0.651437] pci_bus 0000:00: root bus resource [mem 0x000a0000-0x000bffff window]
[    0.653781] pci_bus 0000:00: root bus resource [mem 0x40000000-0xfdffffff window]
[    0.656697] pci_bus 0000:00: root bus resource [bus 00-ff]
[    0.661517] pci 0000:00:01.1: legacy IDE quirk: reg 0x10: [io  0x01f0-0x01f7]
[    0.663458] pci 0000:00:01.1: legacy IDE quirk: reg 0x14: [io  0x03f6]
[    0.665410] pci 0000:00:01.1: legacy IDE quirk: reg 0x18: [io  0x0170-0x0177]
[    0.667446] pci 0000:00:01.1: legacy IDE quirk: reg 0x1c: [io  0x0376]
[    0.694192] pci 0000:00:07.0: quirk: [io  0x4000-0x403f] claimed by PIIX4 ACPI
[    0.696504] pci 0000:00:07.0: quirk: [io  0x4100-0x410f] claimed by PIIX4 SMB
[    0.726384] ACPI: PCI Interrupt Link [LNKA] (IRQs 5 9 10 *11)
[    0.729378] ACPI: PCI Interrupt Link [LNKB] (IRQs 5 9 *10 11)
[    0.731698] ACPI: PCI Interrupt Link [LNKC] (IRQs 5 *9 10 11)
[    0.734139] ACPI: PCI Interrupt Link [LNKD] (IRQs 5 9 10 *11)
[    0.736588] ACPI: Enabled 2 GPEs in block 00 to 07
[    0.738786] vgaarb: setting as boot device: PCI:0000:00:02.0
[    0.741392] vgaarb: device added: PCI:0000:00:02.0,decodes=io+mem,owns=io+mem,locks=none
[    0.743787] vgaarb: loaded
[    0.744848] vgaarb: bridge control possible 0000:00:02.0
[    0.746646] SCSI subsystem initialized
[    0.748066] ACPI: bus type USB registered
[    0.749420] usbcore: registered new interface driver usbfs
[    0.750983] usbcore: registered new interface driver hub
[    0.752666] usbcore: registered new device driver usb
[    0.754848] PCI: Using ACPI for IRQ routing
[    0.756647] NetLabel: Initializing
[    0.757775] NetLabel:  domain hash size = 128
[    0.760691] NetLabel:  protocols = UNLABELED CIPSOv4
[    0.764076] NetLabel:  unlabeled traffic allowed by default
[    0.766111] amd_nb: Cannot enumerate AMD northbridges
[    0.767658] clocksource: Switched to clocksource kvm-clock
[    0.779397] AppArmor: AppArmor Filesystem Enabled
[    0.780933] pnp: PnP ACPI init
[    0.783318] pnp: PnP ACPI: found 3 devices
[    0.797536] clocksource: acpi_pm: mask: 0xffffff max_cycles: 0xffffff, max_idle_ns: 2085701024 ns
[    0.800278] NET: Registered protocol family 2
[    0.801818] TCP established hash table entries: 8192 (order: 4, 65536 bytes)
[    0.804143] TCP bind hash table entries: 8192 (order: 5, 131072 bytes)
[    0.807014] TCP: Hash tables configured (established 8192 bind 8192)
[    0.808919] UDP hash table entries: 512 (order: 2, 16384 bytes)
[    0.810656] UDP-Lite hash table entries: 512 (order: 2, 16384 bytes)
[    0.812501] NET: Registered protocol family 1
[    0.813815] pci 0000:00:00.0: Limiting direct PCI/PCI transfers
[    0.815505] pci 0000:00:01.0: Activating ISA DMA hang workarounds
[    0.817484] Unpacking initramfs...
[    1.085638] Freeing initrd memory: 14828K
[    1.087327] RAPL PMU detected, API unit is 2^-32 Joules, 4 fixed counters 10737418240 ms ovfl timer
[    1.090498] hw unit of domain pp0-core 2^-0 Joules
[    1.091906] hw unit of domain package 2^-0 Joules
[    1.093299] hw unit of domain dram 2^-0 Joules
[    1.094724] hw unit of domain pp1-gpu 2^-0 Joules
[    1.096860] platform rtc_cmos: registered platform RTC device (no PNP device found)
[    1.100393] Scanning for low memory corruption every 60 seconds
[    1.103033] audit: initializing netlink subsys (disabled)
[    1.105562] audit: type=2000 audit(1559298493.782:1): initialized
[    1.107689] Initialise system trusted keyring
[    1.109496] HugeTLB registered 2 MB page size, pre-allocated 0 pages
[    1.114281] zbud: loaded
[    1.116043] VFS: Disk quotas dquot_6.6.0
[    1.117854] VFS: Dquot-cache hash table entries: 512 (order 0, 4096 bytes)
[    1.121171] squashfs: version 4.0 (2009/01/31) Phillip Lougher
[    1.124682] fuse init (API version 7.23)
[    1.126659] Key type big_key registered
[    1.128478] Allocating IMA MOK and blacklist keyrings.
[    1.133702] Key type asymmetric registered
[    1.135487] Asymmetric key parser 'x509' registered
[    1.137917] Block layer SCSI generic (bsg) driver version 0.4 loaded (major 249)
[    1.142690] io scheduler noop registered
[    1.145507] io scheduler deadline registered (default)
[    1.148673] io scheduler cfq registered
[    1.152118] pci_hotplug: PCI Hot Plug PCI Core version: 0.5
[    1.156397] pciehp: PCI Express Hot Plug Controller Driver version: 0.4
[    1.162040] ACPI: AC Adapter [AC] (off-line)
[    1.165059] input: Power Button as /devices/LNXSYSTM:00/LNXPWRBN:00/input/input0
[    1.169838] ACPI: Power Button [PWRF]
[    1.173534] input: Sleep Button as /devices/LNXSYSTM:00/LNXSLPBN:00/input/input1
[    1.178592] ACPI: Sleep Button [SLPF]
[    1.184094] GHES: HEST is not enabled!
[    1.184606] ACPI: Battery Slot [BAT0] (battery present)
[    1.190310] Serial: 8250/16550 driver, 32 ports, IRQ sharing enabled
[    1.216517] 00:02: ttyS0 at I/O 0x3f8 (irq = 4, base_aud = 115200) is a 16550A
[    1.257056] Linux agpgart interface v0.103
[    1.262246] loop: module loaded
[    1.264276] scsi host0: ata_piix
[    1.265617] scsi host1: ata_piix
[    1.267257] ata1: PATA max UDMA/33 cmd 0x1f0 ctl 0x3f6 bmdma 0xd000 irq 14
[    1.269307] ata2: PATA max UDMA/33 cmd 0x170 ctl 0x376 bmdma 0xd008 irq 15
[    1.271979] libphy: Fixed MDIO Bus: probed
[    1.273974] tun: Universal TUN/TAP device driver, 1.6
[    1.275423] tun: (C) 1999-2004 Max Krasnyansky <maxk@qualcomm.com>
[    1.277423] PPP generic driver version 2.4.2
[    1.278934] ehci_hcd: USB 2.0 'Enhanced' Host Controller (EHCI) Driver
[    1.280845] ehci-pci: EHCI PCI platform driver
[    1.282280] ehci-platform: EHCI generic platform driver
[    1.283788] ohci_hcd: USB 1.1 'Open' Host Controller (OHCI) Driver
[    1.285582] ohci-pci: OHCI PCI platform driver
[    1.287094] ohci-platform: OHCI generic platform driver
[    1.288731] uhci_hcd: USB Universal Host Controller Interface driver
[    1.290589] i8042: PNP: PS/2 Controller [PNP0303:PS2K,PNP0f03:PS2M] at 0x60,0x64 irq 1,12
[    1.293528] serio: i8042 KBD port at 0x60,0x64 irq 1
[    1.294965] serio: i8042 AUX port at 0x60,0x64 irq 12
[    1.296795] mousedev: PS/2 mouse device common for all mice
[    1.299539] input: AT Translated Set 2 keyboard as /devices/platform/i8042/serio0/input/input2
[    1.302719] rtc_cmos rtc_cmos: rtc core: registered rtc_cmos as rtc0
[    1.304694] rtc_cmos rtc_cmos: alarms up to one day, 114 bytes nvram
[    1.307505] i2c /dev entries driver
[    1.308892] device-mapper: uevent: version 1.0.3
[    1.310466] device-mapper: ioctl: 4.34.0-ioctl (2015-10-28) initialised: dm-devel@redhat.com
[    1.313233] ledtrig-cpu: registered to indicate activity on CPUs
[    1.315969] NET: Registered protocol family 10
[    1.317892] NET: Registered protocol family 17
[    1.319307] Key type dns_resolver registered
[    1.321720] registered taskstats version 1
[    1.322987] Loading compiled-in X.509 certificates
[    1.325111] Loaded X.509 cert 'Build time autogenerated kernel key: 4dcb2dc2c7cf43e0c20c44384f68683c20294489'
[    1.328345] zswap: loaded using pool lzo/zbud
[    1.332511] Key type trusted registered
[    1.338373] Key type encrypted registered
[    1.340350] AppArmor: AppArmor sha1 policy hashing enabled
[    1.341913] ima: No TPM chip found, activating TPM-bypass!
[    1.343654] ima: Allocated hash algorithm: sha1
[    1.345285] evm: HMAC attrs: 0x1
[    1.347291]   Magic number: 3:310:478
[    1.349267] rtc rtc0: hash matches
[    1.350993] rtc_cmos rtc_cmos: setting system clock to 2019-05-31 10:28:08 UTC (1559298488)
[    1.354908] BIOS EDD facility v0.16 2004-Jun-25, 0 devices found
[    1.357817] EDD information not available.
[    1.430208] Freeing unused kernel memory: 1484K
[    1.431591] Write protecting the kernel read-only data: 14336k
[    1.436529] Freeing unused kernel memory: 1620K
[    1.438297] Freeing unused kernel memory: 68K
Loading, please wait...
starting version 229
[    1.457619] random: systemd-udevd: uninitialized urandom read (16 bytes read, 3 bits of entropy available)
[    1.458548] random: udevadm: uninitialized urandom read (16 bytes read, 3 bits of entropy available)
[    1.458569] random: udevadm: uninitialized urandom read (16 bytes read, 3 bits of entropy available)
[    1.467952] random: udevadm: uninitialized urandom read (16 bytes read, 3 bits of entropy available)
[    1.468001] random: udevadm: uninitialized urandom read (16 bytes read, 3 bits of entropy available)
[    1.468144] random: udevadm: uninitialized urandom read (16 bytes read, 3 bits of entropy available)
[    1.468196] random: udevadm: uninitialized urandom read (16 bytes read, 3 bits of entropy available)
[    1.468246] random: udevadm: uninitialized urandom read (16 bytes read, 3 bits of entropy available)
[    1.468300] random: udevadm: uninitialized urandom read (16 bytes read, 3 bits of entropy available)
[    1.468350] random: udevadm: uninitialized urandom read (16 bytes read, 3 bits of entropy available)
[    1.536628] e1000: Intel(R) PRO/1000 Network Driver - version 7.3.21-k8-NAPI
[    1.538994] e1000: Copyright (c) 1999-2006 Intel Corporation.
[    1.541946] Fusion MPT base driver 3.04.20
[    1.543703] Copyright (c) 1999-2008 LSI Corporation
[    1.559616] AVX2 version of gcm_enc/dec engaged.
[    1.561262] AES CTR mode by8 optimization enabled
[    1.571190] Fusion MPT SPI Host driver 3.04.20
[    1.741111] input: ImExPS/2 Generic Explorer Mouse as /devices/platform/i8042/serio1/input/input4
[    2.000487] e1000 0000:00:03.0 eth0: (PCI:33MHz:32-bit) 02:3a:f4:24:e2:72
[    2.002429] e1000 0000:00:03.0 eth0: Intel(R) PRO/1000 Network Connection
[    2.005435] mptbase: ioc0: Initiating bringup
[    2.069125] ioc0: LSI53C1030 A0: Capabilities={Initiator}
[    2.096496] tsc: Refined TSC clocksource calibration: 1600.936 MHz
[    2.100336] clocksource: tsc: mask: 0xffffffffffffffff max_cycles: 0x17139930bca, max_idle_ns: 440795218305 ns
[    2.243107] scsi host2: ioc0: LSI53C1030 A0, FwRev=00000000h, Ports=1, MaxQ=256, IRQ=20
[    2.360616] scsi 2:0:0:0: Direct-Access     VBOX     HARDDISK         1.0  PQ: 0 ANSI: 5
[    2.366093] scsi target2:0:0: Beginning Domain Validation
[    2.372406] scsi target2:0:0: Domain Validation skipping write tests
[    2.378515] scsi target2:0:0: Ending Domain Validation
[    2.384676] scsi target2:0:0: asynchronous
[    2.392157] scsi 2:0:1:0: Direct-Access     VBOX     HARDDISK         1.0  PQ: 0 ANSI: 5
[    2.411101] scsi target2:0:1: Beginning Domain Validation
[    2.415259] scsi target2:0:1: Domain Validation skipping write tests
[    2.417384] scsi target2:0:1: Ending Domain Validation
[    2.419734] scsi target2:0:1: asynchronous
[    2.436775] sd 2:0:0:0: Attached scsi generic sg0 type 0
[    2.439274] sd 2:0:0:0: [sda] 20971520 512-byte logical blocks: (10.7 GB/10.0 GiB)
[    2.443341] sd 2:0:1:0: Attached scsi generic sg1 type 0
[    2.446142] sd 2:0:0:0: [sda] Write Protect is off
[    2.448402] sd 2:0:1:0: [sdb] 20480 512-byte logical blocks: (10.5 MB/10.0 MiB)
[    2.451130] sd 2:0:0:0: [sda] Incomplete mode parameter data
[    2.452904] sd 2:0:0:0: [sda] Assuming drive cache: write through
[    2.455905] sd 2:0:1:0: [sdb] Write Protect is off
[    2.458732] sd 2:0:1:0: [sdb] Incomplete mode parameter data
[    2.460875] sd 2:0:1:0: [sdb] Assuming drive cache: write through
[    2.467056]  sda: sda1
[    2.469381] sd 2:0:0:0: [sda] Attached SCSI disk
[    2.471502] sd 2:0:1:0: [sdb] Attached SCSI disk
[    2.812371] e1000 0000:00:08.0 eth1: (PCI:33MHz:32-bit) 08:00:27:80:c8:d4
[    2.814292] e1000 0000:00:08.0 eth1: Intel(R) PRO/1000 Network Connection
[    2.817171] e1000 0000:00:08.0 enp0s8: renamed from eth1
[    2.829000] e1000 0000:00:03.0 enp0s3: renamed from eth0
Begin: Loading essential drivers ... [    4.216094] md: linear personality registered for level -1
[    4.221630] md: multipath personality registered for level -4
[    4.226714] md: raid0 personality registered for level 0
[    4.233495] md: raid1 personality registered for level 1
[    4.308061] raid6: sse2x1   gen()  8023 MB/s
[    4.377891] raid6: sse2x1   xor()  6310 MB/s
[    4.444226] raid6: sse2x2   gen()  9950 MB/s
[    4.516096] raid6: sse2x2   xor()  6971 MB/s
[    4.584184] raid6: sse2x4   gen() 10895 MB/s
[    4.651761] raid6: sse2x4   xor()  3372 MB/s
[    4.720521] raid6: avx2x1   gen() 10908 MB/s
[    4.787704] raid6: avx2x2   gen() 18072 MB/s
[    4.855727] raid6: avx2x4   gen() 18802 MB/s
[    4.857032] raid6: using algorithm avx2x4 gen() 18802 MB/s
[    4.858614] raid6: using avx2x2 recovery algorithm
[    4.861675] xor: automatically using best checksumming function:
[    4.904259]    avx       : 25637.000 MB/sec
[    4.907948] async_tx: api initialized (async)
[    4.922222] md: raid6 personality registered for level 6
[    4.924573] md: raid5 personality registered for level 5
[    4.926098] md: raid4 personality registered for level 4
[    4.935484] md: raid10 personality registered for level 10
done.
Begin: Running /scripts/init-premount ... done.
Begin: Mounting root file system ... Begin: Running /scripts/local-top ... done.
Begin: Running /scripts/local-premount ... [    4.976573] Btrfs loaded
Scanning for Btrfs filesystems
done.
Warning: fsck not present, so skipping root file system
[    5.036248] EXT4-fs (sda1): mounted filesystem with ordered data mode. Opts: (null)
done.
Begin: Running /scripts/local-bottom ... done.
Begin: Running /scripts/init-bottom ... done.
[    5.303254] systemd[1]: systemd 229 running in system mode. (+PAM +AUDIT +SELINUX +IMA +APPARMOR +SMACK +SYSVINIT +UTMP +LIBCRYPTSETUP +GCRYPT +GNUTLS +ACL +XZ -LZ4 +SECCOMP +BLKID +ELFUTILS +KMOD -IDN)
[    5.308476] systemd[1]: Detected virtualization oracle.
[    5.310090] systemd[1]: Detected architecture x86-64.

Welcome to [1mUbuntu 16.04.6 LTS[0m!

[    5.318652] systemd[1]: Set hostname to <ubuntu>.
[    5.325324] systemd[1]: Initializing machine ID from random generator.
[    5.327199] systemd[1]: Installed transient /etc/machine-id file.
[    5.735317] systemd[1]: Started Trigger resolvconf update for networkd DNS.
[[0;32m  OK  [0m] Started Trigger resolvconf update for networkd DNS.
[    5.748055] systemd[1]: Started Forward Password Requests to Wall Directory Watch.
[[0;32m  OK  [0m] Started Forward Password Requests to Wall Directory Watch.
[    5.758491] systemd[1]: Listening on udev Kernel Socket.
[[0;32m  OK  [0m] Listening on udev Kernel Socket.
[    5.773681] systemd[1]: Listening on Journal Audit Socket.
[[0;32m  OK  [0m] Listening on Journal Audit Socket.
[    5.782606] systemd[1]: Reached target Encrypted Volumes.
[[0;32m  OK  [0m] Reached target Encrypted Volumes.
[    5.793695] systemd[1]: Listening on LVM2 metadata daemon socket.
[[0;32m  OK  [0m] Listening on LVM2 metadata daemon socket.
[    5.804922] systemd[1]: Listening on LVM2 poll daemon socket.
[[0;32m  OK  [0m] Listening on LVM2 poll daemon socket.
[    5.816583] systemd[1]: Reached target Swap.
[[0;32m  OK  [0m] Reached target Swap.
[    5.831129] systemd[1]: Listening on Journal Socket (/dev/log).
[[0;32m  OK  [0m] Listening on Journal Socket (/dev/log).
[    5.845568] systemd[1]: Listening on Syslog Socket.
[[0;32m  OK  [0m] Listening on Syslog Socket.
[    5.850595] systemd[1]: Set up automount Arbitrary Executable File Formats File System Automount Point.
[[0;32m  OK  [0m] Set up automount Arbitrary Executab...ats File System Automount Point.
[    5.865099] systemd[1]: Created slice System Slice.
[[0;32m  OK  [0m] Created slice System Slice.
[    5.868243] systemd[1]: Reached target User and Group Name Lookups.
[[0;32m  OK  [0m] Reached target User and Group Name Lookups.
[    5.873028] systemd[1]: Created slice system-serial\x2dgetty.slice.
[[0;32m  OK  [0m] Created slice system-serial\x2dgetty.slice.
[    5.876622] systemd[1]: Listening on /dev/initctl Compatibility Named Pipe.
[[0;32m  OK  [0m] Listening on /dev/initctl Compatibility Named Pipe.
[    5.880580] systemd[1]: Created slice User and Session Slice.
[[0;32m  OK  [0m] Created slice User and Session Slice.
[    5.892944] systemd[1]: Listening on udev Control Socket.
[[0;32m  OK  [0m] Listening on udev Control Socket.
[    5.897982] systemd[1]: Reached target Slices.
[[0;32m  OK  [0m] Reached target Slices.
[    5.901310] systemd[1]: Listening on Journal Socket.
[[0;32m  OK  [0m] Listening on Journal Socket.
[    5.916832] systemd[1]: Starting Set console keymap...
         Starting Set console keymap...
[    5.925615] systemd[1]: Mounting Huge Pages File System...
         Mounting Huge Pages File System...
[    5.931757] systemd[1]: Starting Create list of required static device nodes for the current kernel...
         Starting Create list of required st... nodes for the current kernel...
[    5.943895] systemd[1]: Starting Load Kernel Modules...
         Starting Load Kernel Modules...
[    5.954078] systemd[1]: Starting Uncomplicated firewall...
         Starting Uncomplicated firewall...
[    5.958991] systemd[1]: Mounting Debug File System...
         Mounting Debug File System...
[    5.966439] systemd[1]: Mounting POSIX Message Queue File System...
         Mounting POSIX Message Queue File System...
[    5.973259] systemd[1]: Starting Nameserver information manager...
         Starting Nameserver information manager...
[    5.981632] Loading iSCSI transport class v2.0-870.
[    5.982449] systemd[1]: Starting Remount Root and Kernel File Systems...
         Starting Remount Root and Kernel File Systems...
[    5.989065] systemd[1]: Listening on Device-mapper event daemon FIFOs.
[[0;32m  OK  [0m] Listening on Device-mapper event daemon FIFOs.
[    5.997607] systemd[1]: Starting Monitoring of LVM2 mirrors, snapshots etc. using dmeventd or progress polling...
         Starting Monitoring of LVM2 mirrors... dmeventd or progress polling...
[    6.005498] iscsi: registered transport (tcp)
[    6.006696] systemd[1]: Starting Journal Service...
[    6.007957] EXT4-fs (sda1): re-mounted. Opts: (null)
         Starting Journal Service...
[    6.013199] systemd[1]: Reached target System Time Synchronized.
[[0;32m  OK  [0m] Reached target System Time Synchronized.
[    6.020377] systemd[1]: Mounted POSIX Message Queue File System.
[[0;32m  OK  [0m] Mounted POSIX Message Queue File System.
[    6.024493] systemd[1]: Mounted Debug File System.
[[0;32m  OK  [0m] Mounted Debug File System.
[    6.027745] systemd[1]: Mounted Huge Pages File System.
[[0;32m  OK  [0m] Mounted Huge Pages File System.
[    6.032914] systemd[1]: Started Create list of required static device nodes for the current kernel.
[[0;32m  OK  [0m] Started Create list of required sta...ce nodes for the current kernel.
[    6.043469] systemd[1]: Started Set console keymap.
[[0;32m  OK  [0m] Started Set console keymap.
[    6.049744] systemd[1]: Started Uncomplicated firewall.
[[0;32m  OK  [0m] Started Uncomplicated firewall.
[    6.073321] systemd[1]: Started Remount Root and Kernel File Systems.
[[0;32m  OK  [0m] Started Remount Root and Kernel File Systems.
[    6.090890] systemd[1]: Started Nameserver information manager.
[[0;32m  OK  [0m] Started Nameserver information manager.
[    6.098330] systemd[1]: Started Journal Service.
[[0;32m  OK  [0m] Started Journal Service.
[    6.113042] iscsi: registered transport (iser)
[[0;32m  OK  [0m] Started Load Kernel Modules.
         Starting Apply Kernel Variables...
         Mounting FUSE Control File System...
[[0;32m  OK  [0m] Started LVM2 metadata daemon.
         Starting Flush Journal to Persistent Storage...
         Starting Load/Save Random Seed...
         Starting udev Coldplug all Devices...
         Starting Create Static Device Nodes in /dev...
[[0;32m  OK  [0m] Mounted FUSE Control File System.
[[0;32m  OK  [0m] Started Apply Kernel Variables.
[[0;32m  OK  [0m] Started Load/Save Random Seed.
[[0;32m  OK  [0m] Started Create Static Device Nodes in /dev.
[[0;32m  OK  [0m] Started Flush Journal to Persistent Storage.
         Starting udev Kernel Device Manager...
[[0;32m  OK  [0m] Started udev Coldplug all Devices.
[[0;32m  OK  [0m] Started udev Kernel Device Manager.
[[0;32m  OK  [0m] Started Dispatch Password Requests to Console Directory Watch.
[[0;32m  OK  [0m] Found device /dev/ttyS0.
[[0;32m  OK  [0m] Listening on Load/Save RF Kill Switch Status /dev/rfkill Watch.
[[0;32m  OK  [0m] Started Monitoring of LVM2 mirrors,...ng dmeventd or progress polling.
[[0;32m  OK  [0m] Reached target Local File Systems (Pre).
[[0;32m  OK  [0m] Reached target Local File Systems.
         Starting Initial cloud-init job (pre-networking)...
         Starting Tell Plymouth To Write Out Runtime Data...
         Starting Commit a transient machine-id on disk...
         Starting Set console font and keymap...
         Starting Create Volatile Files and Directories...
         Starting LSB: AppArmor initialization...
[[0;32m  OK  [0m] Started Tell Plymouth To Write Out Runtime Data.
[[0;32m  OK  [0m] Started Commit a transient machine-id on disk.
[[0;32m  OK  [0m] Started Create Volatile Files and Directories.
         Starting Update UTMP about System Boot/Shutdown...
[[0;32m  OK  [0m] Started Update UTMP about System Boot/Shutdown.
[[0;32m  OK  [0m] Started Set console font and keymap.
[[0;32m  OK  [0m] Created slice system-getty.slice.
[    8.429403] cloud-init[527]: Cloud-init v. 18.5-45-g3554ffe8-0ubuntu1~16.04.1 running 'init-local' at Fri, 31 May 2019 10:28:15 +0000. Up 7.65 seconds.
[[0;32m  OK  [0m] Started Initial cloud-init job (pre-networking).
[[0;32m  OK  [0m] Reached target Network (Pre).
[[0;32m  OK  [0m] Started LSB: AppArmor initialization.
         Starting Raise network interfaces...
[[0;32m  OK  [0m] Started Raise network interfaces.
         Starting Initial cloud-init job (metadata service crawler)...
[[0;32m  OK  [0m] Reached target Network.
[   10.244300] cloud-init[952]: Cloud-init v. 18.5-45-g3554ffe8-0ubuntu1~16.04.1 running 'init' at Fri, 31 May 2019 10:28:16 +0000. Up 9.26 seconds.
[   10.248812] cloud-init[952]: ci-info: ++++++++++++++++++++++++++++++++++++++Net device info+++++++++++++++++++++++++++++++++++++++
[   10.251921] cloud-init[952]: ci-info: +--------+-------+----------------------------+---------------+--------+-------------------+
[   10.254810] cloud-init[952]: ci-info: | Device |   Up  |          Address           |      Mask     | Scope  |     Hw-Address    |
[   10.257810] cloud-init[952]: ci-info: +--------+-------+----------------------------+---------------+--------+-------------------+
[   10.268636] cloud-init[952]: ci-info: | enp0s3 |  True |         10.0.2.15          | 255.255.255.0 | global | 02:3a:f4:24:e2:72 |
[   10.271919] cloud-init[952]: ci-info: | enp0s3 |  True | fe80::3a:f4ff:fe24:e272/64 |       .       |  link  | 02:3a:f4:24:e2:72 |
[   10.275602] cloud-init[952]: ci-info: | enp0s8 | False |             .              |       .       |   .    | 08:00:27:80:c8:d4 |
[   10.279594] cloud-init[952]: ci-info: |   lo   |  True |         127.0.0.1          |   255.0.0.0   |  host  |         .         |
[   10.282703] cloud-init[952]: ci-info: |   lo   |  True |          ::1/128           |       .       |  host  |         .         |
[   10.285816] cloud-init[952]: ci-info: +--------+-------+----------------------------+---------------+--------+-------------------+
[   10.289757] cloud-init[952]: ci-info: +++++++++++++++++++++++++++Route IPv4 info++++++++++++++++++++++++++++
[   10.293027] cloud-init[952]: ci-info: +-------+-------------+----------+---------------+-----------+-------+
[   10.296876] cloud-init[952]: ci-info: | Route | Destination | Gateway  |    Genmask    | Interface | Flags |
[   10.300043] [[0;32m  OK  [0m] Started Initial cloud-init job (metadata service crawler).
[[0;32m  OK  [0m] Reached target Network is Online.
cloud-init[952]: ci-info: +-------+-------------+----------+---------------+-----------+-------+
[   10.307064] cloud-init[952]: ci-info: |   0   |   0.0.0.0   | 10.0.2.2 |    0.0.0.0    |   enp0s3  |   UG  |
[   10.312588] cloud-init[952]: ci-info: |   1   |   10.0.2.0  | 0.0.0.0  | 255.255.255.0 |   enp0s3  |   U   |
[   10.316461] cloud-init[952]: ci-info: +-------+-------------+----------+---------------+-----------+-------+
         Starting iSCSI initiator daemon (iscsid)...
[   10.316814] cloud-init[952]: ci-info: +++++++++++++++++++Route IPv6 info+++++++++++++++++++
[   10.325207] cloud-init[952]: ci-info: +-------+-------------+---------+-----------+-------+
[   10.325480] cloud-init[952]: [[0;32m  OK  [0m] ci-info: | Route | Destination | Gateway | Interface | Flags |
[   10.329244] cloud-initReached target System Initialization.[952]: ci-info: +-------+-------------+---------+-----------+-------+
[   10.332219] cloud-init[952]: ci-info: |   0   |  fe80::/64  |    ::   |   enp0s3  |   U   |

[[0;32m  OK  [0m[   10.335886] cloud-init[952]: ci-info: |   3   |   ff00::/8  |    ::   |   enp0s3  |   U   |
[   10.336906] cloud-init[952]: ] Listening on D-Bus System Message Bus Socket.
ci-info: +-------+-------------+---------+-----------+-------+
[   10.343867] cloud-init[952]: Generating public/private rsa key pair.
[   10.344143] cloud-init         Starting Socket activation for snappy daemon.[952]: Your identification has been saved in /etc/ssh/ssh_host_rsa_key.
[   10.348031] cloud-init[952]: Your public key has been saved in /etc/ssh/ssh_host_rsa_key.pub.
[   10.350041] cloud-init[952]: The key fingerprint is:
[   10.352351] cloud-init[952]: SHA256:OeTlypB11hOXb8/LqrgWiQkyDzAG54doMTwWn7gkasY root@ubuntu-xenial

[   10.352513] cloud-init[952]: The key's randomart image is:
[   10.357779] cloud-init[952]: +---[RSA 2048]----+
[   10.358004] cloud-init[952]: |++o         . .. |
[   10.359756] cloud-init[952]: | @=..      . o.  |
[   10.360382] cloud-init[952]: |=+*o.   o + o  . |
[   10.361706] cloud-init[952]: |* .= . = *   .  o|
[   10.362183] cloud-init[952]: |.E  = + S o    o.|
[   10.362227] cloud-init[952]: |o    . = =      o|
[[   10.365033] cloud-init[952]: |        o .   . .|
[   10.365171] cloud-init[952]: |         ..    o |
[0;32m  OK  [0m] Started Daily apt download activities.
[[   10.366106] cloud-init[952]: |        .o.....  |
[   10.377620] cloud-init[952]: +----[SHA256]-----+
[   10.378982] cloud-init[952]: Generating public/private dsa key pair.
[   10.380452] cloud-init[952]: Your identification has been saved in /etc/ssh/ssh_host_dsa_key.
[   10.380855] cloud-init[952]: Your public key has been saved in /etc/ssh/ssh_host_dsa_key.pub.
[   10.382990] cloud-init[952]: The key fingerprint is:
[   10.385120] cloud-init[952]: SHA256:vleql9MjVqRcdixTbssnYFGnv4a932Zx1RweFJsYTNQ root@ubuntu-xenial
[   10.386629] cloud-init[952]: The key's randomart image is:
[   10.389235] cloud-init[952]: +---[DSA 1024]----+
[   10.390438] cloud-init[952]: |            +=+oo|
[0;32m  OK  [0m] Started Daily apt upgrade and clean activities.
[   10.392201] cloud-init[952]: |            ..+Eo|
[   10.394280] cloud-init[952]: |             *o++|
[   10.396006] cloud-init[952]: |            O =o+|
[   10.396987] cloud-init[952]: |        S. * B .o|
[   10.398874] cloud-init[952]: |       .  o o *.+|
[[   10.401337] cloud-init[952]: |        .  * . *o|
[   10.401432] cloud-init[952]: |         .O o . =|
[   10.403321] cloud-init[952]: |        o= o . ++|
[   10.404357] cloud-init[952]: +----[SHA256]-----+
[   10.406035] cloud-init[952]: Generating public/private ecdsa key pair.
[0;32m  OK  [0m] [   10.409045] cloud-init[952]: Your identification has been saved in /etc/ssh/ssh_host_ecdsa_key.
[   10.409902] cloud-init[952]: Your public key has been saved in /etc/ssh/ssh_host_ecdsa_key.pub.
[   10.413237] cloud-init[952]: The key fingerprint is:
[   10.415623] cloud-init[952]: SHA256:/iqi63CDFo5m/3nzL979QRrr6CvosSHPI5InK66nqLs root@ubuntu-xenial
[   10.416774] cloud-init[952]: The key's randomart image is:
[   10.420006] cloud-init[952]: +---[ECDSA 256]---+
[   10.420986] cloud-init[952]: |                 |
Started Daily Cleanup of Temporary Directories.[   10.422524] cloud-init[952]: |                 |
[   10.423421] cloud-init[952]: |                 |
[   10.424791] cloud-init[952]: |                 |
[   10.425934] cloud-init[952]: | .      S    . . |
[   10.426297] cloud-init[952]: |o..    .      =  |
[   10.427495] cloud-init[952]: |+=o .. oo    o . |
[   10.428430] cloud-init[952]: |=+o=.o*=++. +   .|
[   10.429173] cloud-init[952]: |EB==*++**+**.o.. |
[   10.430879] cloud-init[952]: +----[SHA256]-----+
[   10.431492] cloud-init[952]: Generating public/private ed25519 key pair.
[   10.433548] cloud-init[952]: Your identification has been saved in /etc/ssh/ssh_host_ed25519_key.

[[   10.436081] cloud-init[952]: Your public key has been saved in /etc/ssh/ssh_host_ed25519_key.pub.
[   10.437488] cloud-init[952]: The key fingerprint is:
[   10.440372] cloud-init[952]: SHA256:QJ8Zhjk/LQrCgUxkxxYWuonUz8LITfZQ3AKGgwR/oM0 root@ubuntu-xenial
[   10.441511] cloud-init[952]: The key's randomart image is:
[   10.442998] cloud-init[952]: +--[ED25519 256]--+
[0;32m  OK  [0m] Reached target Timers.
[   10.443085] cloud-init[952]: |O*+B=.ooo        |
         Starting LXD - unix socket.
[   10.448248] cloud-init[952]: |+OB+.+++ +       |
[   10.450290] cloud-init[952]: |.+E*. oo+.       |
[   10.461253] cloud-init[952]: |+ @.*  .+ .      |
[   10.461723] cloud-init[952]: |.= = = .So       |
[[0;32m  OK  [0m] Started ACPI Events Check.
[   10.462792] cloud-init[952]: |    . .          |
[   10.465477] cloud-init[952]: |                 |
[   10.466639] cloud-init[952]: |                 |
[[0;32m  OK  [0m[   10.468460] cloud-init[952]: |                 |
[   10.468823] cloud-init[952]: +----[SHA256]-----+
] Reached target Paths.
[[0;32m  OK  [0m] Listening on UUID daemon activation socket.
[[0;32m  OK  [0m] Listening on ACPID Listen Socket.
[[0;32m  OK  [0m] Reached target Cloud-config availability.
[[0;32m  OK  [0m] Listening on Socket activation for snappy daemon.
[[0;32m  OK  [0m] Listening on LXD - unix socket.
[[0;32m  OK  [0m] Started iSCSI initiator daemon (iscsid).
         Starting Login to default iSCSI targets...
[[0;32m  OK  [0m] Reached target Sockets.
[[0;32m  OK  [0m] Reached target Basic System.
         Starting Virtualbox guest utils...
         Starting LSB: MD monitoring daemon...
[[0;32m  OK  [0m] Started Regular background program processing daemon.
[[0;32m  OK  [0m] Started Deferred execution scheduler.
         Starting LSB: Record successful boot for GRUB...
         Starting System Logging Service...
         Starting Accounts Service...
         Starting Pollinate to seed the pseudo random number generator...
         Starting /etc/rc.local Compatibility...
[[0;32m  OK  [0m] Started FUSE filesystem for LXC.
         Starting Snappy daemon...
[[0;32m  OK  [0m] Started D-Bus System Message Bus.
[[0;32m  OK  [0m] Started Unattended Upgrades Shutdown.
[[0;32m  OK  [0m] Started ACPI event daemon.
         Starting Login Service...
         Starting LXD - container startup/shutdown...
[[0;32m  OK  [0m] Started System Logging Service.
[[0;32m  OK  [0m] Started /etc/rc.local Compatibility.
[[0;32m  OK  [0m] Started Login to default iSCSI targets.
[[0;32m  OK  [0m] Started LSB: MD monitoring daemon.
[[0;32m  OK  [0m] Started LSB: Record successful boot for GRUB.
         Starting Authenticate and Authorize Users to Run Privileged Tasks...
[[0;32m  OK  [0m] Reached target Remote File Systems (Pre).
[[0;32m  OK  [0m] Reached target Remote File Systems.
         Starting LSB: daemon to balance interrupts for SMP systems...
         Starting Permit User Sessions...
         Starting LSB: Set the CPU Frequency Scaling governor to "ondemand"...
         Starting LSB: automatic crash report generation...
[[0;32m  OK  [0m] Started Login Service.
[[0;32m  OK  [0m] Started Permit User Sessions.
[[0;32m  OK  [0m] Started Snappy daemon.
         Starting Wait until snapd is fully seeded...
         Starting Hold until boot process finishes up...
         Starting Terminate Plymouth Boot Screen...
[[0;32m  OK  [0m] Started Virtualbox guest utils.
[[0;32m  OK  [0m] Started LSB: Set the CPU Frequency Scaling governor to "ondemand".
[[0;32m  OK  [0m] Started Hold until boot process finishes up.
[[0;32m  OK  [0m] Started Terminate Plymouth Boot Screen.
[[0;32m  OK  [0m] Started LSB: daemon to balance interrupts for SMP systems.
[[0;32m  OK  [0m] Started Getty on tty1.
         Starting Set console scheme...
[[0;32m  OK  [0m] Started Serial Getty on ttyS0.
[[0;32m  OK  [0m] Reached target Login Prompts.
[[0;32m  OK  [0m] Started LXD - container startup/shutdown.
[[0;32m  OK  [0m] Started LSB: automatic crash report generation.
[[0;32m  OK  [0m] Started Set console scheme.
[[0;32m  OK  [0m] Started Authenticate and Authorize Users to Run Privileged Tasks.
[[0;32m  OK  [0m] Started Accounts Service.
[[0;32m  OK  [0m] Started Pollinate to seed the pseudo random number generator.
         Starting OpenBSD Secure Shell server...
[[0;32m  OK  [0m] Started OpenBSD Secure Shell server.
[[0;32m  OK  [0m] Created slice User Slice of vagrant.
         Starting User Manager for UID 1000...
[[0;32m  OK  [0m] Started Session 1 of user vagrant.
[[0;32m  OK  [0m] Started User Manager for UID 1000.
         Stopping User Manager for UID 1000...
[[0;32m  OK  [0m] Stopped User Manager for UID 1000.
[[0;32m  OK  [0m] Removed slice User Slice of vagrant.
[[0;32m  OK  [0m] Started Wait until snapd is fully seeded.
         Starting Apply the settings specified in cloud-config...
[[0;32m  OK  [0m] Reached target Multi-User System.
[[0;32m  OK  [0m] Reached target Graphical Interface.
         Starting Update UTMP about System Runlevel Changes...
[[0;32m  OK  [0m] Started Update UTMP about System Runlevel Changes.
[[0;32m  OK  [0m] Created slice User Slice of vagrant.
         Starting User Manager for UID 1000...
[[0;32m  OK  [0m] Started Session 2 of user vagrant.
[[0;32m  OK  [0m] Started User Manager for UID 1000.
[   14.517472] cloud-init[1502]: Generating locales (this might take a while)...
[   15.624692] cloud-init[1502]:   en_US.UTF-8... done
[   15.627459] cloud-init[1502]: Generation complete.
[   16.197665] cloud-init[1502]: Cloud-init v. 18.5-45-g3554ffe8-0ubuntu1~16.04.1 running 'modules:config' at Fri, 31 May 2019 10:28:21 +0000. Up 14.36 seconds.
ci-info: no authorized ssh keys fingerprints found for user ubuntu.
<14>May 31 10:28:24 ec2: 
<14>May 31 10:28:24 ec2: #############################################################
<14>May 31 10:28:24 ec2: -----BEGIN SSH HOST KEY FINGERPRINTS-----
<14>May 31 10:28:24 ec2: 1024 SHA256:vleql9MjVqRcdixTbssnYFGnv4a932Zx1RweFJsYTNQ root@ubuntu-xenial (DSA)
<14>May 31 10:28:24 ec2: 256 SHA256:/iqi63CDFo5m/3nzL979QRrr6CvosSHPI5InK66nqLs root@ubuntu-xenial (ECDSA)
<14>May 31 10:28:24 ec2: 256 SHA256:QJ8Zhjk/LQrCgUxkxxYWuonUz8LITfZQ3AKGgwR/oM0 root@ubuntu-xenial (ED25519)
<14>May 31 10:28:24 ec2: 2048 SHA256:OeTlypB11hOXb8/LqrgWiQkyDzAG54doMTwWn7gkasY root@ubuntu-xenial (RSA)
<14>May 31 10:28:24 ec2: -----END SSH HOST KEY FINGERPRINTS-----
<14>May 31 10:28:24 ec2: #############################################################
-----BEGIN SSH HOST KEY KEYS-----
ecdsa-sha2-nistp256 AAAAE2VjZHNhLXNoYTItbmlzdHAyNTYAAAAIbmlzdHAyNTYAAABBBP4FZn1Jc2IhHEyX74fwUZdOhfaZGa/krGd6lx2FaookcAv6PAovfWh4yCJygbBB6NTj4hMyWTbXPOXcupINqtU= root@ubuntu-xenial
ssh-ed25519 AAAAC3NzaC1lZDI1NTE5AAAAIFxM61gGzCqb+bGeGdJaNope8A3005AvTdh9FO4BhNaN root@ubuntu-xenial
ssh-rsa AAAAB3NzaC1yc2EAAAADAQABAAABAQC0BfFiGaRvUPbgffLnRXDH1AKbGDcKTNF3fx8icmc1grrc+nx8eP1U471bkNzC+iJ5UVn1KN9HLtzdW5raGx9i13xcm8ttpcioTurhZEbxOMg2/ZAUODEru9PyQhv5WFgbye9WhJEBOb7GUXqJ2rrC/hgHIQ1KIreDQ7eAID6CPj7TD4dl1z91VV2yBiMJdIGtycRQ+0O+m3pQOqPhtwt9/y67FypgMafMlw2nrx12U8ktpAgW/phPkjTrdY3+tSj+NA5pa6tmi4eJnJYCeixlPkj539Oewh6OIHibrGcORuD2TlTUSd5kam8g1NQTkzjRttUPSfUlIDgSzOT4lgh7 root@ubuntu-xenial
-----END SSH HOST KEY KEYS-----
[   16.793947] cloud-init[1600]: Cloud-init v. 18.5-45-g3554ffe8-0ubuntu1~16.04.1 running 'modules:final' at Fri, 31 May 2019 10:28:24 +0000. Up 16.59 seconds.
[   16.794257] cloud-init[1600]: ci-info: no authorized ssh keys fingerprints found for user ubuntu.
[   16.795267] cloud-init[1600]: Cloud-init v. 18.5-45-g3554ffe8-0ubuntu1~16.04.1 finished at Fri, 31 May 2019 10:28:24 +0000. Datasource DataSourceNoCloud [seed=/dev/sdb][dsmode=net].  Up 16.76 seconds

Ubuntu 16.04.6 LTS ubuntu-xenial ttyS0

ubuntu-xenial login: 